// Jest Snapshot v1, https://goo.gl/fbAQLP

exports[`should mount and match 1`] = `
<div
  className="sc-cq9yz-0 hdJZHV"
>
  <h1
    className="sc-cq9yz-1 hBNeKD"
  >
    <a
      href="/"
      onClick={[Function]}
      onMouseEnter={[Function]}
    >
      screwmycode.in
    </a>
  </h1>
  <span>
    children
  </span>
  <span>
    children
  </span>
  <span>
    children
  </span>
</div>
`;
