// Jest Snapshot v1, https://goo.gl/fbAQLP

exports[`should mount and match 1`] = `
<form
  className="sc-1forcsr-0 eNsRku"
  onSubmit={[Function]}
>
  <input
    className="sc-1forcsr-1 gfjLnx"
    onChange={[Function]}
    placeholder="insert youtube link here"
    type="text"
    value=""
  />
  <input
    className="sc-1forcsr-2 hSvtFa"
    type="submit"
    value="submit"
  />
</form>
`;
