// Jest Snapshot v1, https://goo.gl/fbAQLP

exports[`LayoutHeaderComponent should match snapshot 1`] = `
<div
  className="sc-1yrrc8c-0 fUerQO"
>
  <a
    href="/"
    onClick={[Function]}
    onMouseEnter={[Function]}
  >
    <svg
      dangerouslySetInnerHTML={
        Object {
          "__html": "<path d=\\"M10 20v-6h4v6h5v-8h3L12 3L2 12h3v8h5z\\" fill=\\"currentColor\\"/>",
        }
      }
      focusable={false}
      height="1em"
      preserveAspectRatio="xMidYMid meet"
      style={
        Object {
          "transform": "rotate(360deg)",
        }
      }
      viewBox="0 0 24 24"
      width="1em"
      xmlns="http://www.w3.org/2000/svg"
    />
  </a>
  <span
    onClick={[Function]}
    onKeyDown={[Function]}
    role="button"
    tabIndex={-1}
  >
    <svg
      dangerouslySetInnerHTML={
        Object {
          "__html": "<path d=\\"M17 17H7v-3l-4 4l4 4v-3h12v-6h-2M7 7h10v3l4-4l-4-4v3H5v6h2V7z\\" fill=\\"currentColor\\"/>",
        }
      }
      focusable={false}
      height="1em"
      preserveAspectRatio="xMidYMid meet"
      style={
        Object {
          "transform": "rotate(360deg)",
        }
      }
      viewBox="0 0 24 24"
      width="1em"
      xmlns="http://www.w3.org/2000/svg"
    />
  </span>
</div>
`;
