// Jest Snapshot v1, https://goo.gl/fbAQLP

exports[`should mount and match 1`] = `
<form
  className="sc-gk2ygr-0 kukmWw"
  onSubmit={[Function]}
>
  <input
    className="sc-gk2ygr-1 iTWJeX"
    onChange={[Function]}
    placeholder="paste link here (youtube, soundcloud)"
    type="text"
    value=""
  />
  <input
    className="sc-gk2ygr-2 Kjunc"
    type="submit"
    value="submit"
  />
</form>
`;
