// Jest Snapshot v1, https://goo.gl/fbAQLP

exports[`should mount and match 1`] = `
Array [
  <div
    className="sc-1yrrc8c-0 hmRcAg"
  >
    <button
      aria-label="home"
      onClick={[Function]}
      onMouseEnter={[Function]}
      type="button"
    >
      <svg
        dangerouslySetInnerHTML={
          Object {
            "__html": "<path d=\\"M10 20v-6h4v6h5v-8h3L12 3L2 12h3v8h5z\\" fill=\\"currentColor\\"/>",
          }
        }
        focusable={false}
        height="1em"
        preserveAspectRatio="xMidYMid meet"
        style={
          Object {
            "transform": "rotate(360deg)",
          }
        }
        viewBox="0 0 24 24"
        width="1em"
        xmlns="http://www.w3.org/2000/svg"
      />
    </button>
    <button
      aria-label="repeat"
      onClick={[Function]}
      onKeyDown={[Function]}
      tabIndex={-1}
      type="button"
    >
      <svg
        dangerouslySetInnerHTML={
          Object {
            "__html": "<path d=\\"M17 17H7v-3l-4 4l4 4v-3h12v-6h-2M7 7h10v3l4-4l-4-4v3H5v6h2V7z\\" fill=\\"currentColor\\"/>",
          }
        }
        focusable={false}
        height="1em"
        preserveAspectRatio="xMidYMid meet"
        style={
          Object {
            "transform": "rotate(360deg)",
          }
        }
        viewBox="0 0 24 24"
        width="1em"
        xmlns="http://www.w3.org/2000/svg"
      />
    </button>
  </div>,
  <div
    className="sc-485y6x-0 gfBQpP"
  >
    <div
      className="sc-485y6x-1 iSMMqR"
    >
      <a
        href="/"
        onClick={[Function]}
        onMouseEnter={[Function]}
      >
        screwmycode.in
      </a>
    </div>
    <span>
      children
    </span>
    <span>
      children
    </span>
    <span>
      children
    </span>
  </div>,
]
`;
