// Jest Snapshot v1, https://goo.gl/fbAQLP

exports[`should mount and match 1`] = `
<div
  className="sc-vdqkso-0 efDkNM"
>
  <input
    aria-label="slider"
    className="sc-vdqkso-1 cnoOki"
    max={1.5}
    min={0.5}
    onChange={[Function]}
    step={0.005}
    type="range"
    value={1}
  />
</div>
`;
