// Jest Snapshot v1, https://goo.gl/fbAQLP

exports[`should mount and match 1`] = `
<div
  className="sc-1ocxull-0 iSsGSx"
>
  <div
    className="sc-1ocxull-1 epeoug"
  >
    <span
      className="sc-1ocxull-2 ewkDmb"
      title="percentage"
    >
      percent
    </span>
    <input
      aria-label="percentage value"
      className="sc-1ocxull-3 ikRRDh"
      disabled={true}
      value="0.0 %"
    />
  </div>
  <div
    className="sc-1ocxull-1 epeoug"
  >
    <span
      className="sc-1ocxull-2 ewkDmb"
      title="semitones"
    >
      semitone
    </span>
    <input
      aria-label="semitones value"
      className="sc-1ocxull-3 ikRRDh"
      disabled={true}
      value="0.0 st"
    />
  </div>
</div>
`;
