// Jest Snapshot v1, https://goo.gl/fbAQLP

exports[`IndicatorsComponent should match snapshot 1`] = `
<div
  className="sc-10jc3wu-0 hRDYZE"
>
  <div>
    percent
    <input
      disabled={true}
      type="text"
      value="0.0"
    />
  </div>
  <div>
    semitone
    <input
      disabled={true}
      type="text"
      value="0.0"
    />
  </div>
</div>
`;
